// Jest Snapshot v1, https://goo.gl/fbAQLP

exports[`PageComponentWeather clicks the h1 element and updates the state 1`] = `
<div>
  <h1>
    The weather is 
    sunny
    , and the counter shows 
    2
  </h1>
</div>
`;

exports[`PageComponentWeather renders correctly 1`] = `
<div>
  <h1>
    The weather is 
    sunny
    , and the counter shows 
    1
  </h1>
</div>
`;
